[backblue.gif]
[fade.gif]
[index.html]
[checkz.net/index.html]
[checkz.net/tools/index.html]
[checkz.net/fonts/font-awesome/css/all.css]
[checkz.net/css/bootstrap.min.css]
[checkz.net/css/navigation.css]
[checkz.net/css/style.css]
[checkz.net/css/custom.css]
[checkz.net/css/noscript.css]
[checkz.net/css/favicon.ico]
[checkz.net/js/jquery.js]
[checkz.net/js/bootstrap.min.js]
[checkz.net/js/xavier.js]
[checkz.net/js/jquery.metisMenu.js]
[pagead2.googlesyndication.com/pagead/js/f.txt]
[checkz.net/404.html]
[checkz.net/register.html]
[checkz.net/tools/cc-checker.html]
[checkz.net/tools/credit-card-bin-checker.html]
[checkz.net/tools/spotify-account-checker.html]
[checkz.net/tools/blutv-checker.html]
[checkz.net/tools/tc-number-checker.html]
[checkz.net/tools/credit-card-generator.html]
[checkz.net/tools/password-generator.html]
[checkz.net/tools/sitemap-generator.html]
[checkz.net/tools/tc-number-generator.html]
[checkz.net/tools/tc-tax-number-generator.html]
[checkz.net/tools/sin-number-generator.html]
[checkz.net/tools/ssn-number-generator.html]
[checkz.net/tools/uk-nino-number-generator.html]
[checkz.net/tools/qr-code-generator.html]
[checkz.net/tools/credit-card-validator.html]
[checkz.net/tools/aba-routing-number-validator.html]
[checkz.net/tools/tc-number-validator.html]
[checkz.net/tools/tc-tax-number-validator.html]
[checkz.net/tools/sin-number-validator.html]
[checkz.net/tools/ssn-number-validator.html]
[checkz.net/tools/uk-nino-number-validator.html]
[checkz.net/tools/facebook-id-finder.html]
[checkz.net/tools/instagram-id-finder.html]
[checkz.net/tools/md5-encoder.html]
[checkz.net/tools/sha-encoder.html]
[checkz.net/tools/base64-encoder.html]
[checkz.net/tools/crc-encoder.html]
[checkz.net/tools/crypt-encoder.html]
[checkz.net/tools/str-rot13-encoder.html]
[checkz.net/tools/strrev-encoder.html]
[checkz.net/tools/convert-uu-encoder.html]
[checkz.net/tools/utf8-encoder.html]
[checkz.net/tools/urlencode.html]
[checkz.net/tools/rawurlencode.html]
[checkz.net/tools/base64-image-encoder.html]
[checkz.net/tools/html-escape-encoder.html]
[checkz.net/tools/base64-decoder.html]
[checkz.net/tools/str-rot13-decoder.html]
[checkz.net/tools/strrev-decoder.html]
[checkz.net/tools/convert-uu-decoder.html]
[checkz.net/tools/hex2bin.html]
[checkz.net/tools/utf8-decoder.html]
[checkz.net/tools/html-unescape-decoder.html]
[checkz.net/tools/php-obfuscator.html]
[checkz.net/tools/credit-card-beautifier.html]
[checkz.net/tools/c-code-beautifier.html]
[checkz.net/tools/php-code-beautifier.html]
[checkz.net/tools/html-code-beautifier.html]
[checkz.net/tools/css-code-beautifier.html]
[checkz.net/tools/javascript-code-beautifier.html]
[checkz.net/tools/json-beautifier.html]
[checkz.net/tools/xml-beautifier.html]
[checkz.net/tools/html-code-minifier.html]
[checkz.net/tools/css-code-minifier.html]
[checkz.net/tools/json-minifier.html]
[checkz.net/tools/duplicate-remover.html]
[checkz.net/tools/mathematic-calculator.html]
[checkz.net/tools/bin-dec-oct-hex-calculator.html]
[checkz.net/tools/temperature-calculator.html]
[checkz.net/tools/help-contact.html]
[checkz.net/tools/terms-of-service.html]
[checkz.net/tools/credit-card-validator/index.html]
[images.dmca.com/Badges/dmca-badge-w100-5x1-020cc9.png]
[images.dmca.com/Badges/DMCABadgeHelper.min.js]
[mc.yandex.ru/metrika/tag.js]
[checkz.net/tools/index.html]
[checkz.net/404.html]
[ajax.cloudflare.com/cdn-cgi/scripts/95c75768/cloudflare-static/rocket-loader.min.js]
[checkz.net/fonts/font-awesome/css/all.min.css]
[checkz.net/js/custom.js]
[checkz.net/register.html]
[checkz.net/tools/cc-checker.html]
[checkz.net/tools/credit-card-bin-checker.html]
[checkz.net/tools/js/spotify.js]
[checkz.net/tools/spotify-account-checker.html]
[checkz.net/tools/blutv-checker.html]
[checkz.net/tools/tc-number-checker.html]
[checkz.net/tools/js/ccgen.css]
[checkz.net/tools/js/ccgen.js]
[checkz.net/tools/credit-card-generator.html]
[checkz.net/tools/js/checkboxdf74.css]
[checkz.net/tools/password-generator.html]
[cdnjs.cloudflare.com/ajax/libs/font-awesome/3.2.1/css/font-awesome.min.css]
[cdnjs.cloudflare.com/ajax/libs/codemirror/5.23.0/mode/xml/xml.min.js]
[cdnjs.cloudflare.com/ajax/libs/codemirror/5.23.0/addon/dialog/dialog.min.js]
[cdnjs.cloudflare.com/ajax/libs/codemirror/5.23.0/codemirror.min.js]
[cdnjs.cloudflare.com/ajax/libs/codemirror/5.23.0/addon/search/searchcursor.min.js]
[cdnjs.cloudflare.com/ajax/libs/codemirror/5.23.0/addon/search/search.min.js]
[cdnjs.cloudflare.com/ajax/libs/codemirror/5.23.0/addon/display/placeholder.js]
[cdnjs.cloudflare.com/ajax/libs/codemirror/5.23.0/codemirror.min.css]
[cdnjs.cloudflare.com/ajax/libs/codemirror/5.23.0/addon/dialog/dialog.min.css]
[cdnjs.cloudflare.com/ajax/libs/codemirror/5.23.0/theme/material.min.css]
[checkz.net/tools/js/sitemap_generator035c.js]
[checkz.net/tools/sitemap-generator.html]
[checkz.net/tools/ajax.html]
[checkz.net/tools/tc-number-generator.html]
[checkz.net/tools/js/tc.js]
[checkz.net/tools/tc-tax-number-generator.html]
[checkz.net/tools/sin-number-generator.html]
[checkz.net/tools/ssn-number-generator.html]
[checkz.net/tools/uk-nino-number-generator.html]
[checkz.net/tools/qr-code-generator.html]
[checkz.net/tools/credit-card-validator.html]
[checkz.net/tools/aba-routing-number-validator.html]
[checkz.net/tools/tc-number-validator.html]
[checkz.net/tools/tc-tax-number-validator.html]
[checkz.net/tools/sin-number-validator.html]
[checkz.net/tools/ssn-number-validator.html]
[checkz.net/tools/uk-nino-number-validator.html]
[checkz.net/tools/facebook-id-finder.html]
[checkz.net/tools/instagram-id-finder.html]
[checkz.net/tools/md5-encoder.html]
[cdnjs.cloudflare.com/ajax/libs/crypto-js/3.1.9-1/crypto-js.js]
[checkz.net/tools/sha-encoder.html]
[checkz.net/tools/base64-encoder.html]
[checkz.net/tools/crc-encoder.html]
[checkz.net/tools/crypt-encoder.html]
[checkz.net/tools/str-rot13-encoder.html]
[checkz.net/tools/strrev-encoder.html]
[checkz.net/tools/convert-uu-encoder.html]
[checkz.net/tools/utf8-encoder.html]
[checkz.net/tools/urlencode.html]
[checkz.net/tools/rawurlencode.html]
[checkz.net/tools/base64-image-encoder.html]
[checkz.net/tools/html-escape-encoder.html]
[checkz.net/tools/base64-decoder.html]
[checkz.net/tools/str-rot13-decoder.html]
[checkz.net/tools/strrev-decoder.html]
[checkz.net/tools/convert-uu-decoder.html]
[checkz.net/tools/hex2bin.html]
[checkz.net/tools/utf8-decoder.html]
[checkz.net/tools/html-unescape-decoder.html]
[checkz.net/tools/php-obfuscator.html]
[checkz.net/tools/credit-card-beautifier.html]
[bachors.com/assets/js/normal.js]
[checkz.net/tools/c-code-beautifier.html]
[cdnjs.cloudflare.com/ajax/libs/jquery-cookie/1.4.1/jquery.cookie.js]
[codemirror.net/lib/codemirror.js]
[codemirror.net/2/lib/util/formatting.js]
[codemirror.net/mode/css/css.js]
[codemirror.net/mode/xml/xml.js]
[codemirror.net/mode/javascript/javascript.js]
[codemirror.net/mode/php/php.js]
[codemirror.net/mode/htmlmixed/htmlmixed.js]
[cdnjs.cloudflare.com/ajax/libs/js-beautify/1.10.0/beautify.js]
[cdnjs.cloudflare.com/ajax/libs/js-beautify/1.10.0/beautify-css.js]
[cdnjs.cloudflare.com/ajax/libs/js-beautify/1.10.0/beautify-html.js]
[beautifier.io/js/javascriptobfuscator_unpacker.13c.delayed]
[beautifier.io/js/lib/unpackers/urlencode_unpacker.js]
[beautifier.io/js/lib/unpackers/p_a_c_k_e_r_unpacker.js]
[beautifier.io/js/lib/unpackers/myobfuscate_unpacker.js]
[dpidudyah7i0b.cloudfront.net/codemirror/jsb/test/sanitytest.js]
[checkz.net/tools/php-code-beautifier.html]
[checkz.net/tools/html-code-beautifier.html]
[checkz.net/tools/js/beautifier-html.js]
[checkz.net/tools/css-code-beautifier.html]
[cdnjs.cloudflare.com/ajax/libs/ace/1.2.9/mode-css.js]
[checkz.net/tools/js/vkbeautify.beta.js]
[cdnjs.cloudflare.com/ajax/libs/ace/1.2.9/ace.js]
[checkz.net/tools/javascript-code-beautifier.html]
[checkz.net/tools/json-beautifier.html]
[beautifier.io/js/lib/unpackers/javascriptobfuscator_unpacker.js]
[checkz.net/tools/xml-beautifier.html]
[cdnjs.cloudflare.com/ajax/libs/ace/1.2.9/mode-xml.js]
[kangax.github.io/html-minifier/dist/htmlminifier.min.js]
[checkz.net/tools/html-code-minifier.html]
[kangax.github.io/html-minifier/assets/master.js]
[checkz.net/tools/css-code-minifier.html]
[checkz.net/tools/json-minifier.html]
[cdnjs.cloudflare.com/ajax/libs/ace/1.2.9/mode-json.js]
[checkz.net/tools/js/css.minifier.js]
[checkz.net/tools/duplicate-remover.html]
[checkz.net/tools/js/checkbox.css]
[checkz.net/tools/mathematic-calculator.html]
[checkz.net/tools/bin-dec-oct-hex-calculator.html]
[checkz.net/tools/temperature-calculator.html]
[checkz.net/cdn-cgi/l/email-protection.html]
[checkz.net/cdn-cgi/scripts/5c5dd728/cloudflare-static/email-decode.min.js]
[checkz.net/tools/help-contact.html]
[checkz.net/tools/terms-of-service.html]
[checkz.net/tools/credit-card-validator/index.html]
[checkz.net/tools/ajax.html]
[checkz.net/tools/_/indexd41d.html]
[checkz.net/tools/_/index.html]
[fonts.googleapis.com/cssc220.css]
[checkz.net/cdn-cgi/l/email-protection.html]
[pagead2.googlesyndication.com/pagead/js/f.txt]
[mc.yandex.ru/metrika/tag.js]
[ajax.cloudflare.com/cdn-cgi/scripts/95c75768/cloudflare-static/rocket-loader.min.js]
[cdnjs.cloudflare.com/ajax/libs/codemirror/5.23.0/codemirror.min.js]
[cdnjs.cloudflare.com/ajax/libs/codemirror/5.23.0/mode/xml/xml.min.js]
[checkz.net/fonts/font-awesome/webfonts/fa-light-300.woff2]
[cdnjs.cloudflare.com/ajax/libs/codemirror/5.23.0/addon/dialog/dialog.min.js]
[checkz.net/fonts/font-awesome/webfonts/fa-light-300.woff]
[cdnjs.cloudflare.com/ajax/libs/codemirror/5.23.0/addon/search/searchcursor.min.js]
[checkz.net/fonts/font-awesome/webfonts/fa-light-300d41d.eot]
[checkz.net/fonts/font-awesome/webfonts/fa-light-300.eot]
[checkz.net/tools/js/sitemap_generator035c.js]
[checkz.net/tools/js/tc.js]
[cdnjs.cloudflare.com/ajax/libs/jquery-cookie/1.4.1/jquery.cookie.js]
[cdnjs.cloudflare.com/ajax/libs/crypto-js/3.1.9-1/crypto-js.js]
[codemirror.net/lib/codemirror.js]
[checkz.net/fonts/font-awesome/webfonts/fa-light-300.ttf]
[codemirror.net/2/lib/util/formatting.js]
[cdnjs.cloudflare.com/ajax/libs/js-beautify/1.10.0/beautify-css.js]
[cdnjs.cloudflare.com/ajax/libs/js-beautify/1.10.0/beautify.js]
[codemirror.net/mode/css/css.js]
[cdnjs.cloudflare.com/ajax/libs/js-beautify/1.10.0/beautify-html.js]
[checkz.net/tools/js/beautifier-html.js]
[checkz.net/tools/js/vkbeautify.beta.js]
[cdnjs.cloudflare.com/ajax/libs/ace/1.2.9/mode-css.js]
[cdnjs.cloudflare.com/ajax/libs/ace/1.2.9/ace.js]
[cdnjs.cloudflare.com/ajax/libs/ace/1.2.9/mode-xml.js]
[checkz.net/fonts/font-awesome/webfonts/fa-light-300.svg]
[checkz.net/tools/js/css.minifier.js]
[cdnjs.cloudflare.com/ajax/libs/ace/1.2.9/mode-json.js]
[checkz.net/fonts/font-awesome/webfonts/fa-light-300.eot]
[checkz.net/cdn-cgi/scripts/5c5dd728/cloudflare-static/email-decode.min.js]
[checkz.net/fonts/font-awesome/webfonts/fa-light-300d41d.eot]
[checkz.net/fonts/font-awesome/webfonts/fa-light-300.woff2]
[checkz.net/fonts/font-awesome/webfonts/fa-light-300.woff]
[checkz.net/fonts/font-awesome/webfonts/fa-light-300.ttf]
[checkz.net/fonts/font-awesome/css/all.css]
[checkz.net/fonts/glyphicons-halflings-regular.eot]
[checkz.net/fonts/glyphicons-halflings-regular.eot]
[checkz.net/fonts/glyphicons-halflings-regulard41d.eot]
[checkz.net/fonts/glyphicons-halflings-regular.woff2]
[checkz.net/fonts/glyphicons-halflings-regular.woff2]
[checkz.net/fonts/glyphicons-halflings-regular.woff]
[checkz.net/fonts/glyphicons-halflings-regular.ttf]
[checkz.net/fonts/glyphicons-halflings-regular.ttf]
[checkz.net/css/bootstrap.min.css]
[checkz.net/css/navigation.css]
[checkz.net/css/style.css]
[checkz.net/css/custom.css]
[checkz.net/css/noscript.css]
[checkz.net/fonts/glyphicons-halflings-regular.svg]
[checkz.net/fonts/font-awesome/css/all.min.css]
[checkz.net/tools/js/ccgen.css]
[checkz.net/tools/js/checkboxdf74.css]
[cdnjs.cloudflare.com/ajax/libs/font-awesome/3.2.1/css/font-awesome.min.css]
[cdnjs.cloudflare.com/ajax/libs/codemirror/5.23.0/codemirror.min.css]
[cdnjs.cloudflare.com/ajax/libs/codemirror/5.23.0/addon/dialog/dialog.min.css]
[cdnjs.cloudflare.com/ajax/libs/codemirror/5.23.0/theme/material.min.css]
[cdnjs.cloudflare.com/ajax/libs/font-awesome/3.2.1/font/fontawesome-webfont.svg]
[codemirror.net/lib/codemirror.css]
[beautifier.io/js/javascriptobfuscator_unpacker.html]
[checkz.net/tools/js/checkbox.css]
[checkz.net/fonts/font-awesome/webfonts/fa-light-300.svg]
[checkz.net/fonts/glyphicons-halflings-regular.svg]
[cdnjs.cloudflare.com/ajax/libs/font-awesome/3.2.1/font/fontawesome-webfont.svg]
[checkz.net/404.html]
[checkz.net/tools/ajax.html]
